<?xml version="1.0" encoding="UTF-8"?>
<TestRun id="7bd185fd-2ac0-4fd4-bf18-18d14743a6ba" name="305024278@305024278-PC 2012-04-17 17:43:06" runUser="305024278-PC\305024278" xmlns="http://microsoft.com/schemas/VisualStudio/TeamTest/2010">
  <TestSettings name="Local" id="e7b99bec-0d40-4bec-af5e-d5b64adc87f8">
    <Description>These are default test settings for a local test run.</Description>
    <Deployment enabled="false" runDeploymentRoot="305024278_305024278-PC 2012-04-17 17_43_06">
      <DeploymentItem filename="D:\GitRepositories\MyLab\packages\Moq.4.0.10827\lib\NET40\Moq.dll" />
    </Deployment>
    <Execution>
      <TestTypeSpecific />
      <AgentRule name="Execution Agents">
      </AgentRule>
    </Execution>
  </TestSettings>
  <Times creation="2012-04-17T17:43:06.5153243+09:00" queuing="2012-04-17T17:43:06.5593268+09:00" start="2012-04-17T17:43:06.5663272+09:00" finish="2012-04-17T17:43:06.9463490+09:00" />
  <ResultSummary outcome="Completed">
    <Counters total="1" executed="1" passed="1" error="0" failed="0" timeout="0" aborted="0" inconclusive="0" passedButRunAborted="0" notRunnable="0" notExecuted="0" disconnected="0" warning="0" completed="0" inProgress="0" pending="0" />
  </ResultSummary>
  <TestDefinitions>
    <UnitTest name="TestMethod3" storage="d:\gitrepositories\mylab\moqtest\bin\debug\moqtest.dll" id="847c5646-d204-8cd6-8ada-22c35c27f26a">
      <Execution id="57deba86-ca1b-47e2-abac-c7549093f5d8" />
      <TestMethod codeBase="D:/GitRepositories/MyLab/MoqTest/bin/Debug/MoqTest.DLL" adapterTypeName="Microsoft.VisualStudio.TestTools.TestTypes.Unit.UnitTestAdapter, Microsoft.VisualStudio.QualityTools.Tips.UnitTest.Adapter, Version=10.0.0.0, Culture=neutral, PublicKeyToken=b03f5f7f11d50a3a" className="MoqTest.UnitTest1, MoqTest, Version=1.0.0.0, Culture=neutral, PublicKeyToken=null" name="TestMethod3" />
    </UnitTest>
  </TestDefinitions>
  <TestLists>
    <TestList name="Results Not in a List" id="8c84fa94-04c1-424b-9868-57a2d4851a1d" />
    <TestList name="All Loaded Results" id="19431567-8539-422a-85d7-44ee4e166bda" />
  </TestLists>
  <TestEntries>
    <TestEntry testId="847c5646-d204-8cd6-8ada-22c35c27f26a" executionId="57deba86-ca1b-47e2-abac-c7549093f5d8" testListId="8c84fa94-04c1-424b-9868-57a2d4851a1d" />
  </TestEntries>
  <Results>
    <UnitTestResult executionId="57deba86-ca1b-47e2-abac-c7549093f5d8" testId="847c5646-d204-8cd6-8ada-22c35c27f26a" testName="TestMethod3" computerName="305024278-PC" duration="00:00:00.1544454" startTime="2012-04-17T17:43:06.5693274+09:00" endTime="2012-04-17T17:43:06.8853455+09:00" testType="13cdc9d9-ddb5-4fa4-a97d-d965ccfc6d4b" outcome="Passed" testListId="8c84fa94-04c1-424b-9868-57a2d4851a1d" relativeResultsDirectory="57deba86-ca1b-47e2-abac-c7549093f5d8">
    </UnitTestResult>
  </Results>
</TestRun>