<?xml version="1.0" encoding="UTF-8"?>
<TestRun id="0d8be1b5-c585-4f64-8e54-afebd42f7f86" name="305024278@305024278-PC 2012-04-17 18:03:56" runUser="305024278-PC\305024278" xmlns="http://microsoft.com/schemas/VisualStudio/TeamTest/2010">
  <TestSettings name="Local" id="e7b99bec-0d40-4bec-af5e-d5b64adc87f8">
    <Description>These are default test settings for a local test run.</Description>
    <Deployment enabled="false" runDeploymentRoot="305024278_305024278-PC 2012-04-17 18_03_56">
      <DeploymentItem filename="D:\GitRepositories\MyLab\packages\Moq.4.0.10827\lib\NET40\Moq.dll" />
    </Deployment>
    <Execution>
      <TestTypeSpecific />
      <AgentRule name="Execution Agents">
      </AgentRule>
    </Execution>
  </TestSettings>
  <Times creation="2012-04-17T18:03:56.3508108+09:00" queuing="2012-04-17T18:03:56.3778124+09:00" start="2012-04-17T18:03:56.3868129+09:00" finish="2012-04-17T18:03:56.7648345+09:00" />
  <ResultSummary outcome="Completed">
    <Counters total="5" executed="5" passed="5" error="0" failed="0" timeout="0" aborted="0" inconclusive="0" passedButRunAborted="0" notRunnable="0" notExecuted="0" disconnected="0" warning="0" completed="0" inProgress="0" pending="0" />
  </ResultSummary>
  <TestDefinitions>
    <UnitTest name="TestMethod1" storage="d:\gitrepositories\mylab\moqtest\bin\debug\moqtest.dll" id="9ddcdd96-3990-56d7-416f-b280c5f7ab51">
      <Execution id="32d36851-5d68-4cc5-a473-740d19f8ad6d" />
      <TestMethod codeBase="D:/GitRepositories/MyLab/MoqTest/bin/Debug/MoqTest.DLL" adapterTypeName="Microsoft.VisualStudio.TestTools.TestTypes.Unit.UnitTestAdapter, Microsoft.VisualStudio.QualityTools.Tips.UnitTest.Adapter, Version=10.0.0.0, Culture=neutral, PublicKeyToken=b03f5f7f11d50a3a" className="MoqTest.UnitTest1, MoqTest, Version=1.0.0.0, Culture=neutral, PublicKeyToken=null" name="TestMethod1" />
    </UnitTest>
    <UnitTest name="TestMethod2" storage="d:\gitrepositories\mylab\moqtest\bin\debug\moqtest.dll" id="764e04a1-00c1-db9c-490d-88249b1f2660">
      <Execution id="e26d3608-db03-4852-bbf2-17474be0a28b" />
      <TestMethod codeBase="D:/GitRepositories/MyLab/MoqTest/bin/Debug/MoqTest.DLL" adapterTypeName="Microsoft.VisualStudio.TestTools.TestTypes.Unit.UnitTestAdapter, Microsoft.VisualStudio.QualityTools.Tips.UnitTest.Adapter, Version=10.0.0.0, Culture=neutral, PublicKeyToken=b03f5f7f11d50a3a" className="MoqTest.UnitTest1, MoqTest, Version=1.0.0.0, Culture=neutral, PublicKeyToken=null" name="TestMethod2" />
    </UnitTest>
    <UnitTest name="TestMethod5" storage="d:\gitrepositories\mylab\moqtest\bin\debug\moqtest.dll" id="811cec66-1d67-e722-c8a2-0787e2691a20">
      <Execution id="4ea8f57e-c7b0-4602-80e7-05b557e241b7" />
      <TestMethod codeBase="D:/GitRepositories/MyLab/MoqTest/bin/Debug/MoqTest.DLL" adapterTypeName="Microsoft.VisualStudio.TestTools.TestTypes.Unit.UnitTestAdapter, Microsoft.VisualStudio.QualityTools.Tips.UnitTest.Adapter, Version=10.0.0.0, Culture=neutral, PublicKeyToken=b03f5f7f11d50a3a" className="MoqTest.UnitTest1, MoqTest, Version=1.0.0.0, Culture=neutral, PublicKeyToken=null" name="TestMethod5" />
    </UnitTest>
    <UnitTest name="TestMethod3" storage="d:\gitrepositories\mylab\moqtest\bin\debug\moqtest.dll" id="847c5646-d204-8cd6-8ada-22c35c27f26a">
      <Execution id="b8d5d515-0bff-4097-adb4-849e6de1eb32" />
      <TestMethod codeBase="D:/GitRepositories/MyLab/MoqTest/bin/Debug/MoqTest.DLL" adapterTypeName="Microsoft.VisualStudio.TestTools.TestTypes.Unit.UnitTestAdapter, Microsoft.VisualStudio.QualityTools.Tips.UnitTest.Adapter, Version=10.0.0.0, Culture=neutral, PublicKeyToken=b03f5f7f11d50a3a" className="MoqTest.UnitTest1, MoqTest, Version=1.0.0.0, Culture=neutral, PublicKeyToken=null" name="TestMethod3" />
    </UnitTest>
    <UnitTest name="TestMethod4" storage="d:\gitrepositories\mylab\moqtest\bin\debug\moqtest.dll" id="666260d7-e21a-d131-b167-00fa66e6974a">
      <Execution id="42cb1b16-4838-4d0a-bcd9-133afed612ad" />
      <TestMethod codeBase="D:/GitRepositories/MyLab/MoqTest/bin/Debug/MoqTest.DLL" adapterTypeName="Microsoft.VisualStudio.TestTools.TestTypes.Unit.UnitTestAdapter, Microsoft.VisualStudio.QualityTools.Tips.UnitTest.Adapter, Version=10.0.0.0, Culture=neutral, PublicKeyToken=b03f5f7f11d50a3a" className="MoqTest.UnitTest1, MoqTest, Version=1.0.0.0, Culture=neutral, PublicKeyToken=null" name="TestMethod4" />
    </UnitTest>
  </TestDefinitions>
  <TestLists>
    <TestList name="Results Not in a List" id="8c84fa94-04c1-424b-9868-57a2d4851a1d" />
    <TestList name="All Loaded Results" id="19431567-8539-422a-85d7-44ee4e166bda" />
  </TestLists>
  <TestEntries>
    <TestEntry testId="666260d7-e21a-d131-b167-00fa66e6974a" executionId="42cb1b16-4838-4d0a-bcd9-133afed612ad" testListId="8c84fa94-04c1-424b-9868-57a2d4851a1d" />
    <TestEntry testId="764e04a1-00c1-db9c-490d-88249b1f2660" executionId="e26d3608-db03-4852-bbf2-17474be0a28b" testListId="8c84fa94-04c1-424b-9868-57a2d4851a1d" />
    <TestEntry testId="811cec66-1d67-e722-c8a2-0787e2691a20" executionId="4ea8f57e-c7b0-4602-80e7-05b557e241b7" testListId="8c84fa94-04c1-424b-9868-57a2d4851a1d" />
    <TestEntry testId="847c5646-d204-8cd6-8ada-22c35c27f26a" executionId="b8d5d515-0bff-4097-adb4-849e6de1eb32" testListId="8c84fa94-04c1-424b-9868-57a2d4851a1d" />
    <TestEntry testId="9ddcdd96-3990-56d7-416f-b280c5f7ab51" executionId="32d36851-5d68-4cc5-a473-740d19f8ad6d" testListId="8c84fa94-04c1-424b-9868-57a2d4851a1d" />
  </TestEntries>
  <Results>
    <UnitTestResult executionId="42cb1b16-4838-4d0a-bcd9-133afed612ad" testId="666260d7-e21a-d131-b167-00fa66e6974a" testName="TestMethod4" computerName="305024278-PC" duration="00:00:00.1522985" startTime="2012-04-17T18:03:56.3888130+09:00" endTime="2012-04-17T18:03:56.7018309+09:00" testType="13cdc9d9-ddb5-4fa4-a97d-d965ccfc6d4b" outcome="Passed" testListId="8c84fa94-04c1-424b-9868-57a2d4851a1d" relativeResultsDirectory="42cb1b16-4838-4d0a-bcd9-133afed612ad">
    </UnitTestResult>
    <UnitTestResult executionId="e26d3608-db03-4852-bbf2-17474be0a28b" testId="764e04a1-00c1-db9c-490d-88249b1f2660" testName="TestMethod2" computerName="305024278-PC" duration="00:00:00.0050213" startTime="2012-04-17T18:03:56.7048311+09:00" endTime="2012-04-17T18:03:56.7118315+09:00" testType="13cdc9d9-ddb5-4fa4-a97d-d965ccfc6d4b" outcome="Passed" testListId="8c84fa94-04c1-424b-9868-57a2d4851a1d" relativeResultsDirectory="e26d3608-db03-4852-bbf2-17474be0a28b">
    </UnitTestResult>
    <UnitTestResult executionId="4ea8f57e-c7b0-4602-80e7-05b557e241b7" testId="811cec66-1d67-e722-c8a2-0787e2691a20" testName="TestMethod5" computerName="305024278-PC" duration="00:00:00.0260301" startTime="2012-04-17T18:03:56.7128315+09:00" endTime="2012-04-17T18:03:56.7408331+09:00" testType="13cdc9d9-ddb5-4fa4-a97d-d965ccfc6d4b" outcome="Passed" testListId="8c84fa94-04c1-424b-9868-57a2d4851a1d" relativeResultsDirectory="4ea8f57e-c7b0-4602-80e7-05b557e241b7">
    </UnitTestResult>
    <UnitTestResult executionId="b8d5d515-0bff-4097-adb4-849e6de1eb32" testId="847c5646-d204-8cd6-8ada-22c35c27f26a" testName="TestMethod3" computerName="305024278-PC" duration="00:00:00.0036485" startTime="2012-04-17T18:03:56.7428332+09:00" endTime="2012-04-17T18:03:56.7478335+09:00" testType="13cdc9d9-ddb5-4fa4-a97d-d965ccfc6d4b" outcome="Passed" testListId="8c84fa94-04c1-424b-9868-57a2d4851a1d" relativeResultsDirectory="b8d5d515-0bff-4097-adb4-849e6de1eb32">
    </UnitTestResult>
    <UnitTestResult executionId="32d36851-5d68-4cc5-a473-740d19f8ad6d" testId="9ddcdd96-3990-56d7-416f-b280c5f7ab51" testName="TestMethod1" computerName="305024278-PC" duration="00:00:00.0006940" startTime="2012-04-17T18:03:56.7488336+09:00" endTime="2012-04-17T18:03:56.7518337+09:00" testType="13cdc9d9-ddb5-4fa4-a97d-d965ccfc6d4b" outcome="Passed" testListId="8c84fa94-04c1-424b-9868-57a2d4851a1d" relativeResultsDirectory="32d36851-5d68-4cc5-a473-740d19f8ad6d">
    </UnitTestResult>
  </Results>
</TestRun>