<?xml version="1.0" encoding="UTF-8"?>
<TestRun id="d2b0d950-52ec-4a32-bcd2-b12a5b4831d3" name="305024278@305024278-PC 2012-05-09 17:26:37" runUser="305024278-PC\305024278" xmlns="http://microsoft.com/schemas/VisualStudio/TeamTest/2010">
  <TestSettings name="Local" id="e7b99bec-0d40-4bec-af5e-d5b64adc87f8">
    <Description>These are default test settings for a local test run.</Description>
    <Deployment enabled="false" runDeploymentRoot="305024278_305024278-PC 2012-05-09 17_26_37">
      <DeploymentItem filename="D:\GitRepositories\MyLab\packages\Moq.4.0.10827\lib\NET40\Moq.dll" />
    </Deployment>
    <Execution>
      <TestTypeSpecific />
      <AgentRule name="Execution Agents">
      </AgentRule>
    </Execution>
  </TestSettings>
  <Times creation="2012-05-09T17:26:37.1015920+09:00" queuing="2012-05-09T17:26:38.2896599+09:00" start="2012-05-09T17:26:38.3536636+09:00" finish="2012-05-09T17:26:39.7197417+09:00" />
  <ResultSummary outcome="Error">
    <Counters total="5" executed="1" error="0" failed="0" timeout="0" aborted="1" inconclusive="0" passedButRunAborted="0" notRunnable="0" notExecuted="4" disconnected="0" warning="0" passed="0" completed="0" inProgress="0" pending="0" />
    <RunInfos>
      <RunInfo computerName="305024278-PC" outcome="Error" timestamp="2012-05-09T17:26:39.6977405+09:00">
        <Text>Test host process exited unexpectedly.</Text>
      </RunInfo>
    </RunInfos>
  </ResultSummary>
  <TestDefinitions>
    <UnitTest name="TestMethod1" storage="d:\gitrepositories\mylab\moqtest\bin\debug\moqtest.dll" id="9ddcdd96-3990-56d7-416f-b280c5f7ab51">
      <Execution id="9f49868e-c2a8-40e5-ae2c-dbbd710bf78b" />
      <TestMethod codeBase="D:/GitRepositories/MyLab/MoqTest/bin/Debug/MoqTest.DLL" adapterTypeName="Microsoft.VisualStudio.TestTools.TestTypes.Unit.UnitTestAdapter, Microsoft.VisualStudio.QualityTools.Tips.UnitTest.Adapter, Version=10.0.0.0, Culture=neutral, PublicKeyToken=b03f5f7f11d50a3a" className="MoqTest.UnitTest1, MoqTest, Version=1.0.0.0, Culture=neutral, PublicKeyToken=null" name="TestMethod1" />
    </UnitTest>
    <UnitTest name="TestMethod2" storage="d:\gitrepositories\mylab\moqtest\bin\debug\moqtest.dll" id="764e04a1-00c1-db9c-490d-88249b1f2660">
      <Execution id="eec8f6f6-c1f6-4e96-8e39-3772f575c0ee" />
      <TestMethod codeBase="D:/GitRepositories/MyLab/MoqTest/bin/Debug/MoqTest.DLL" adapterTypeName="Microsoft.VisualStudio.TestTools.TestTypes.Unit.UnitTestAdapter, Microsoft.VisualStudio.QualityTools.Tips.UnitTest.Adapter, Version=10.0.0.0, Culture=neutral, PublicKeyToken=b03f5f7f11d50a3a" className="MoqTest.UnitTest1, MoqTest, Version=1.0.0.0, Culture=neutral, PublicKeyToken=null" name="TestMethod2" />
    </UnitTest>
    <UnitTest name="TestMethod5" storage="d:\gitrepositories\mylab\moqtest\bin\debug\moqtest.dll" id="811cec66-1d67-e722-c8a2-0787e2691a20">
      <Execution id="ad2697a4-b96a-4209-b252-5156bf5179b6" />
      <TestMethod codeBase="D:/GitRepositories/MyLab/MoqTest/bin/Debug/MoqTest.DLL" adapterTypeName="Microsoft.VisualStudio.TestTools.TestTypes.Unit.UnitTestAdapter, Microsoft.VisualStudio.QualityTools.Tips.UnitTest.Adapter, Version=10.0.0.0, Culture=neutral, PublicKeyToken=b03f5f7f11d50a3a" className="MoqTest.UnitTest1, MoqTest, Version=1.0.0.0, Culture=neutral, PublicKeyToken=null" name="TestMethod5" />
    </UnitTest>
    <UnitTest name="TestMethod3" storage="d:\gitrepositories\mylab\moqtest\bin\debug\moqtest.dll" id="847c5646-d204-8cd6-8ada-22c35c27f26a">
      <Execution id="4f8b8053-acff-4177-80f0-1261683e0c1f" />
      <TestMethod codeBase="D:/GitRepositories/MyLab/MoqTest/bin/Debug/MoqTest.DLL" adapterTypeName="Microsoft.VisualStudio.TestTools.TestTypes.Unit.UnitTestAdapter, Microsoft.VisualStudio.QualityTools.Tips.UnitTest.Adapter, Version=10.0.0.0, Culture=neutral, PublicKeyToken=b03f5f7f11d50a3a" className="MoqTest.UnitTest1, MoqTest, Version=1.0.0.0, Culture=neutral, PublicKeyToken=null" name="TestMethod3" />
    </UnitTest>
    <UnitTest name="TestMethod4" storage="d:\gitrepositories\mylab\moqtest\bin\debug\moqtest.dll" id="666260d7-e21a-d131-b167-00fa66e6974a">
      <Execution id="be92bfa9-1d7a-4818-a7e0-e0610c4834eb" />
      <TestMethod codeBase="D:/GitRepositories/MyLab/MoqTest/bin/Debug/MoqTest.DLL" adapterTypeName="Microsoft.VisualStudio.TestTools.TestTypes.Unit.UnitTestAdapter, Microsoft.VisualStudio.QualityTools.Tips.UnitTest.Adapter, Version=10.0.0.0, Culture=neutral, PublicKeyToken=b03f5f7f11d50a3a" className="MoqTest.UnitTest1, MoqTest, Version=1.0.0.0, Culture=neutral, PublicKeyToken=null" name="TestMethod4" />
    </UnitTest>
  </TestDefinitions>
  <TestLists>
    <TestList name="Results Not in a List" id="8c84fa94-04c1-424b-9868-57a2d4851a1d" />
    <TestList name="All Loaded Results" id="19431567-8539-422a-85d7-44ee4e166bda" />
  </TestLists>
  <TestEntries>
    <TestEntry testId="9ddcdd96-3990-56d7-416f-b280c5f7ab51" executionId="9f49868e-c2a8-40e5-ae2c-dbbd710bf78b" testListId="8c84fa94-04c1-424b-9868-57a2d4851a1d" />
    <TestEntry testId="764e04a1-00c1-db9c-490d-88249b1f2660" executionId="eec8f6f6-c1f6-4e96-8e39-3772f575c0ee" testListId="8c84fa94-04c1-424b-9868-57a2d4851a1d" />
    <TestEntry testId="847c5646-d204-8cd6-8ada-22c35c27f26a" executionId="4f8b8053-acff-4177-80f0-1261683e0c1f" testListId="8c84fa94-04c1-424b-9868-57a2d4851a1d" />
    <TestEntry testId="666260d7-e21a-d131-b167-00fa66e6974a" executionId="be92bfa9-1d7a-4818-a7e0-e0610c4834eb" testListId="8c84fa94-04c1-424b-9868-57a2d4851a1d" />
    <TestEntry testId="811cec66-1d67-e722-c8a2-0787e2691a20" executionId="ad2697a4-b96a-4209-b252-5156bf5179b6" testListId="8c84fa94-04c1-424b-9868-57a2d4851a1d" />
  </TestEntries>
  <Results>
    <UnitTestResult executionId="9f49868e-c2a8-40e5-ae2c-dbbd710bf78b" testId="9ddcdd96-3990-56d7-416f-b280c5f7ab51" testName="TestMethod1" computerName="305024278-PC" duration="00:00:01.3070748" startTime="2012-05-09T17:26:38.3956660+09:00" endTime="2012-05-09T17:26:39.7027408+09:00" testType="13cdc9d9-ddb5-4fa4-a97d-d965ccfc6d4b" outcome="Aborted" testListId="8c84fa94-04c1-424b-9868-57a2d4851a1d" relativeResultsDirectory="9f49868e-c2a8-40e5-ae2c-dbbd710bf78b">
    </UnitTestResult>
    <UnitTestResult executionId="eec8f6f6-c1f6-4e96-8e39-3772f575c0ee" testId="764e04a1-00c1-db9c-490d-88249b1f2660" testName="TestMethod2" computerName="305024278-PC" testType="13cdc9d9-ddb5-4fa4-a97d-d965ccfc6d4b" outcome="NotExecuted" testListId="8c84fa94-04c1-424b-9868-57a2d4851a1d" relativeResultsDirectory="eec8f6f6-c1f6-4e96-8e39-3772f575c0ee">
    </UnitTestResult>
    <UnitTestResult executionId="4f8b8053-acff-4177-80f0-1261683e0c1f" testId="847c5646-d204-8cd6-8ada-22c35c27f26a" testName="TestMethod3" computerName="305024278-PC" testType="13cdc9d9-ddb5-4fa4-a97d-d965ccfc6d4b" outcome="NotExecuted" testListId="8c84fa94-04c1-424b-9868-57a2d4851a1d" relativeResultsDirectory="4f8b8053-acff-4177-80f0-1261683e0c1f">
    </UnitTestResult>
    <UnitTestResult executionId="be92bfa9-1d7a-4818-a7e0-e0610c4834eb" testId="666260d7-e21a-d131-b167-00fa66e6974a" testName="TestMethod4" computerName="305024278-PC" testType="13cdc9d9-ddb5-4fa4-a97d-d965ccfc6d4b" outcome="NotExecuted" testListId="8c84fa94-04c1-424b-9868-57a2d4851a1d" relativeResultsDirectory="be92bfa9-1d7a-4818-a7e0-e0610c4834eb">
    </UnitTestResult>
    <UnitTestResult executionId="ad2697a4-b96a-4209-b252-5156bf5179b6" testId="811cec66-1d67-e722-c8a2-0787e2691a20" testName="TestMethod5" computerName="305024278-PC" testType="13cdc9d9-ddb5-4fa4-a97d-d965ccfc6d4b" outcome="NotExecuted" testListId="8c84fa94-04c1-424b-9868-57a2d4851a1d" relativeResultsDirectory="ad2697a4-b96a-4209-b252-5156bf5179b6">
    </UnitTestResult>
  </Results>
</TestRun>