<?xml version="1.0" encoding="UTF-8"?>
<TestRun id="6f3005ef-5c14-48b4-8465-ae8f3ac3a725" name="305024278@305024278-PC 2012-05-09 17:26:05" runUser="305024278-PC\305024278" xmlns="http://microsoft.com/schemas/VisualStudio/TeamTest/2010">
  <TestSettings name="Local" id="e7b99bec-0d40-4bec-af5e-d5b64adc87f8">
    <Description>These are default test settings for a local test run.</Description>
    <Deployment enabled="false" runDeploymentRoot="305024278_305024278-PC 2012-05-09 17_26_05">
      <DeploymentItem filename="D:\GitRepositories\MyLab\packages\Moq.4.0.10827\lib\NET40\Moq.dll" />
    </Deployment>
    <Execution>
      <TestTypeSpecific />
      <AgentRule name="Execution Agents">
      </AgentRule>
    </Execution>
  </TestSettings>
  <Times creation="2012-05-09T17:26:05.0207571+09:00" queuing="2012-05-09T17:26:08.7699715+09:00" start="2012-05-09T17:26:08.8479760+09:00" finish="2012-05-09T17:26:11.0301008+09:00" />
  <ResultSummary outcome="Completed">
    <Counters total="5" executed="5" passed="5" error="0" failed="0" timeout="0" aborted="0" inconclusive="0" passedButRunAborted="0" notRunnable="0" notExecuted="0" disconnected="0" warning="0" completed="0" inProgress="0" pending="0" />
  </ResultSummary>
  <TestDefinitions>
    <UnitTest name="TestMethod1" storage="d:\gitrepositories\mylab\moqtest\bin\debug\moqtest.dll" id="9ddcdd96-3990-56d7-416f-b280c5f7ab51">
      <Execution id="33c7e37a-786c-4fd5-82b5-c699084f6a02" />
      <TestMethod codeBase="D:/GitRepositories/MyLab/MoqTest/bin/Debug/MoqTest.DLL" adapterTypeName="Microsoft.VisualStudio.TestTools.TestTypes.Unit.UnitTestAdapter, Microsoft.VisualStudio.QualityTools.Tips.UnitTest.Adapter, Version=10.0.0.0, Culture=neutral, PublicKeyToken=b03f5f7f11d50a3a" className="MoqTest.UnitTest1, MoqTest, Version=1.0.0.0, Culture=neutral, PublicKeyToken=null" name="TestMethod1" />
    </UnitTest>
    <UnitTest name="TestMethod2" storage="d:\gitrepositories\mylab\moqtest\bin\debug\moqtest.dll" id="764e04a1-00c1-db9c-490d-88249b1f2660">
      <Execution id="30cefb37-5a25-4eb1-b4ce-97732eaa8776" />
      <TestMethod codeBase="D:/GitRepositories/MyLab/MoqTest/bin/Debug/MoqTest.DLL" adapterTypeName="Microsoft.VisualStudio.TestTools.TestTypes.Unit.UnitTestAdapter, Microsoft.VisualStudio.QualityTools.Tips.UnitTest.Adapter, Version=10.0.0.0, Culture=neutral, PublicKeyToken=b03f5f7f11d50a3a" className="MoqTest.UnitTest1, MoqTest, Version=1.0.0.0, Culture=neutral, PublicKeyToken=null" name="TestMethod2" />
    </UnitTest>
    <UnitTest name="TestMethod5" storage="d:\gitrepositories\mylab\moqtest\bin\debug\moqtest.dll" id="811cec66-1d67-e722-c8a2-0787e2691a20">
      <Execution id="b5240506-bd0a-4386-a503-a2639e1fa5fe" />
      <TestMethod codeBase="D:/GitRepositories/MyLab/MoqTest/bin/Debug/MoqTest.DLL" adapterTypeName="Microsoft.VisualStudio.TestTools.TestTypes.Unit.UnitTestAdapter, Microsoft.VisualStudio.QualityTools.Tips.UnitTest.Adapter, Version=10.0.0.0, Culture=neutral, PublicKeyToken=b03f5f7f11d50a3a" className="MoqTest.UnitTest1, MoqTest, Version=1.0.0.0, Culture=neutral, PublicKeyToken=null" name="TestMethod5" />
    </UnitTest>
    <UnitTest name="TestMethod3" storage="d:\gitrepositories\mylab\moqtest\bin\debug\moqtest.dll" id="847c5646-d204-8cd6-8ada-22c35c27f26a">
      <Execution id="81913d29-c51c-4483-9435-a2acd1d3532b" />
      <TestMethod codeBase="D:/GitRepositories/MyLab/MoqTest/bin/Debug/MoqTest.DLL" adapterTypeName="Microsoft.VisualStudio.TestTools.TestTypes.Unit.UnitTestAdapter, Microsoft.VisualStudio.QualityTools.Tips.UnitTest.Adapter, Version=10.0.0.0, Culture=neutral, PublicKeyToken=b03f5f7f11d50a3a" className="MoqTest.UnitTest1, MoqTest, Version=1.0.0.0, Culture=neutral, PublicKeyToken=null" name="TestMethod3" />
    </UnitTest>
    <UnitTest name="TestMethod4" storage="d:\gitrepositories\mylab\moqtest\bin\debug\moqtest.dll" id="666260d7-e21a-d131-b167-00fa66e6974a">
      <Execution id="b45dea0d-a686-4473-9564-1e8528c93e96" />
      <TestMethod codeBase="D:/GitRepositories/MyLab/MoqTest/bin/Debug/MoqTest.DLL" adapterTypeName="Microsoft.VisualStudio.TestTools.TestTypes.Unit.UnitTestAdapter, Microsoft.VisualStudio.QualityTools.Tips.UnitTest.Adapter, Version=10.0.0.0, Culture=neutral, PublicKeyToken=b03f5f7f11d50a3a" className="MoqTest.UnitTest1, MoqTest, Version=1.0.0.0, Culture=neutral, PublicKeyToken=null" name="TestMethod4" />
    </UnitTest>
  </TestDefinitions>
  <TestLists>
    <TestList name="Results Not in a List" id="8c84fa94-04c1-424b-9868-57a2d4851a1d" />
    <TestList name="All Loaded Results" id="19431567-8539-422a-85d7-44ee4e166bda" />
  </TestLists>
  <TestEntries>
    <TestEntry testId="9ddcdd96-3990-56d7-416f-b280c5f7ab51" executionId="33c7e37a-786c-4fd5-82b5-c699084f6a02" testListId="8c84fa94-04c1-424b-9868-57a2d4851a1d" />
    <TestEntry testId="764e04a1-00c1-db9c-490d-88249b1f2660" executionId="30cefb37-5a25-4eb1-b4ce-97732eaa8776" testListId="8c84fa94-04c1-424b-9868-57a2d4851a1d" />
    <TestEntry testId="847c5646-d204-8cd6-8ada-22c35c27f26a" executionId="81913d29-c51c-4483-9435-a2acd1d3532b" testListId="8c84fa94-04c1-424b-9868-57a2d4851a1d" />
    <TestEntry testId="666260d7-e21a-d131-b167-00fa66e6974a" executionId="b45dea0d-a686-4473-9564-1e8528c93e96" testListId="8c84fa94-04c1-424b-9868-57a2d4851a1d" />
    <TestEntry testId="811cec66-1d67-e722-c8a2-0787e2691a20" executionId="b5240506-bd0a-4386-a503-a2639e1fa5fe" testListId="8c84fa94-04c1-424b-9868-57a2d4851a1d" />
  </TestEntries>
  <Results>
    <UnitTestResult executionId="33c7e37a-786c-4fd5-82b5-c699084f6a02" testId="9ddcdd96-3990-56d7-416f-b280c5f7ab51" testName="TestMethod1" computerName="305024278-PC" duration="00:00:00.2884018" startTime="2012-05-09T17:26:08.9449815+09:00" endTime="2012-05-09T17:26:10.8870926+09:00" testType="13cdc9d9-ddb5-4fa4-a97d-d965ccfc6d4b" outcome="Passed" testListId="8c84fa94-04c1-424b-9868-57a2d4851a1d" relativeResultsDirectory="33c7e37a-786c-4fd5-82b5-c699084f6a02">
    </UnitTestResult>
    <UnitTestResult executionId="30cefb37-5a25-4eb1-b4ce-97732eaa8776" testId="764e04a1-00c1-db9c-490d-88249b1f2660" testName="TestMethod2" computerName="305024278-PC" duration="00:00:00.0055749" startTime="2012-05-09T17:26:10.8960931+09:00" endTime="2012-05-09T17:26:10.9060937+09:00" testType="13cdc9d9-ddb5-4fa4-a97d-d965ccfc6d4b" outcome="Passed" testListId="8c84fa94-04c1-424b-9868-57a2d4851a1d" relativeResultsDirectory="30cefb37-5a25-4eb1-b4ce-97732eaa8776">
    </UnitTestResult>
    <UnitTestResult executionId="81913d29-c51c-4483-9435-a2acd1d3532b" testId="847c5646-d204-8cd6-8ada-22c35c27f26a" testName="TestMethod3" computerName="305024278-PC" duration="00:00:00.0045174" startTime="2012-05-09T17:26:10.9100939+09:00" endTime="2012-05-09T17:26:10.9180944+09:00" testType="13cdc9d9-ddb5-4fa4-a97d-d965ccfc6d4b" outcome="Passed" testListId="8c84fa94-04c1-424b-9868-57a2d4851a1d" relativeResultsDirectory="81913d29-c51c-4483-9435-a2acd1d3532b">
    </UnitTestResult>
    <UnitTestResult executionId="b45dea0d-a686-4473-9564-1e8528c93e96" testId="666260d7-e21a-d131-b167-00fa66e6974a" testName="TestMethod4" computerName="305024278-PC" duration="00:00:00.0019128" startTime="2012-05-09T17:26:10.9230947+09:00" endTime="2012-05-09T17:26:10.9280950+09:00" testType="13cdc9d9-ddb5-4fa4-a97d-d965ccfc6d4b" outcome="Passed" testListId="8c84fa94-04c1-424b-9868-57a2d4851a1d" relativeResultsDirectory="b45dea0d-a686-4473-9564-1e8528c93e96">
    </UnitTestResult>
    <UnitTestResult executionId="b5240506-bd0a-4386-a503-a2639e1fa5fe" testId="811cec66-1d67-e722-c8a2-0787e2691a20" testName="TestMethod5" computerName="305024278-PC" duration="00:00:00.0370397" startTime="2012-05-09T17:26:10.9320952+09:00" endTime="2012-05-09T17:26:10.9720975+09:00" testType="13cdc9d9-ddb5-4fa4-a97d-d965ccfc6d4b" outcome="Passed" testListId="8c84fa94-04c1-424b-9868-57a2d4851a1d" relativeResultsDirectory="b5240506-bd0a-4386-a503-a2639e1fa5fe">
    </UnitTestResult>
  </Results>
</TestRun>