<?xml version="1.0" encoding="UTF-8"?>
<TestRun id="2da649f8-c3e3-4d67-8d27-a9109e2ca901" name="305024278@305024278-PC 2012-04-17 18:03:13" runUser="305024278-PC\305024278" xmlns="http://microsoft.com/schemas/VisualStudio/TeamTest/2010">
  <TestSettings name="Local" id="e7b99bec-0d40-4bec-af5e-d5b64adc87f8">
    <Description>These are default test settings for a local test run.</Description>
    <Deployment enabled="false" runDeploymentRoot="305024278_305024278-PC 2012-04-17 18_03_13">
      <DeploymentItem filename="D:\GitRepositories\MyLab\packages\Moq.4.0.10827\lib\NET40\Moq.dll" />
    </Deployment>
    <Execution>
      <TestTypeSpecific />
      <AgentRule name="Execution Agents">
      </AgentRule>
    </Execution>
  </TestSettings>
  <Times creation="2012-04-17T18:03:13.2073431+09:00" queuing="2012-04-17T18:03:13.2483455+09:00" start="2012-04-17T18:03:13.2563459+09:00" finish="2012-04-17T18:03:13.6603691+09:00" />
  <ResultSummary outcome="Failed">
    <Counters total="5" executed="5" passed="4" error="0" failed="1" timeout="0" aborted="0" inconclusive="0" passedButRunAborted="0" notRunnable="0" notExecuted="0" disconnected="0" warning="0" completed="0" inProgress="0" pending="0" />
  </ResultSummary>
  <TestDefinitions>
    <UnitTest name="TestMethod1" storage="d:\gitrepositories\mylab\moqtest\bin\debug\moqtest.dll" id="9ddcdd96-3990-56d7-416f-b280c5f7ab51">
      <Execution id="af0c5d42-b295-45cd-9fad-ff07c4a0048d" />
      <TestMethod codeBase="D:/GitRepositories/MyLab/MoqTest/bin/Debug/MoqTest.DLL" adapterTypeName="Microsoft.VisualStudio.TestTools.TestTypes.Unit.UnitTestAdapter, Microsoft.VisualStudio.QualityTools.Tips.UnitTest.Adapter, Version=10.0.0.0, Culture=neutral, PublicKeyToken=b03f5f7f11d50a3a" className="MoqTest.UnitTest1, MoqTest, Version=1.0.0.0, Culture=neutral, PublicKeyToken=null" name="TestMethod1" />
    </UnitTest>
    <UnitTest name="TestMethod2" storage="d:\gitrepositories\mylab\moqtest\bin\debug\moqtest.dll" id="764e04a1-00c1-db9c-490d-88249b1f2660">
      <Execution id="8e435a8d-fc58-42e1-aaa4-49eb83810030" />
      <TestMethod codeBase="D:/GitRepositories/MyLab/MoqTest/bin/Debug/MoqTest.DLL" adapterTypeName="Microsoft.VisualStudio.TestTools.TestTypes.Unit.UnitTestAdapter, Microsoft.VisualStudio.QualityTools.Tips.UnitTest.Adapter, Version=10.0.0.0, Culture=neutral, PublicKeyToken=b03f5f7f11d50a3a" className="MoqTest.UnitTest1, MoqTest, Version=1.0.0.0, Culture=neutral, PublicKeyToken=null" name="TestMethod2" />
    </UnitTest>
    <UnitTest name="TestMethod5" storage="d:\gitrepositories\mylab\moqtest\bin\debug\moqtest.dll" id="811cec66-1d67-e722-c8a2-0787e2691a20">
      <Execution id="a2ceb197-b977-4a75-9cff-3c6d9110250e" />
      <TestMethod codeBase="D:/GitRepositories/MyLab/MoqTest/bin/Debug/MoqTest.DLL" adapterTypeName="Microsoft.VisualStudio.TestTools.TestTypes.Unit.UnitTestAdapter, Microsoft.VisualStudio.QualityTools.Tips.UnitTest.Adapter, Version=10.0.0.0, Culture=neutral, PublicKeyToken=b03f5f7f11d50a3a" className="MoqTest.UnitTest1, MoqTest, Version=1.0.0.0, Culture=neutral, PublicKeyToken=null" name="TestMethod5" />
    </UnitTest>
    <UnitTest name="TestMethod3" storage="d:\gitrepositories\mylab\moqtest\bin\debug\moqtest.dll" id="847c5646-d204-8cd6-8ada-22c35c27f26a">
      <Execution id="408e3217-1d14-4e35-a83b-f7cf99871c9f" />
      <TestMethod codeBase="D:/GitRepositories/MyLab/MoqTest/bin/Debug/MoqTest.DLL" adapterTypeName="Microsoft.VisualStudio.TestTools.TestTypes.Unit.UnitTestAdapter, Microsoft.VisualStudio.QualityTools.Tips.UnitTest.Adapter, Version=10.0.0.0, Culture=neutral, PublicKeyToken=b03f5f7f11d50a3a" className="MoqTest.UnitTest1, MoqTest, Version=1.0.0.0, Culture=neutral, PublicKeyToken=null" name="TestMethod3" />
    </UnitTest>
    <UnitTest name="TestMethod4" storage="d:\gitrepositories\mylab\moqtest\bin\debug\moqtest.dll" id="666260d7-e21a-d131-b167-00fa66e6974a">
      <Execution id="940e26ad-4345-4a36-8357-38517a5c904e" />
      <TestMethod codeBase="D:/GitRepositories/MyLab/MoqTest/bin/Debug/MoqTest.DLL" adapterTypeName="Microsoft.VisualStudio.TestTools.TestTypes.Unit.UnitTestAdapter, Microsoft.VisualStudio.QualityTools.Tips.UnitTest.Adapter, Version=10.0.0.0, Culture=neutral, PublicKeyToken=b03f5f7f11d50a3a" className="MoqTest.UnitTest1, MoqTest, Version=1.0.0.0, Culture=neutral, PublicKeyToken=null" name="TestMethod4" />
    </UnitTest>
  </TestDefinitions>
  <TestLists>
    <TestList name="Results Not in a List" id="8c84fa94-04c1-424b-9868-57a2d4851a1d" />
    <TestList name="All Loaded Results" id="19431567-8539-422a-85d7-44ee4e166bda" />
  </TestLists>
  <TestEntries>
    <TestEntry testId="666260d7-e21a-d131-b167-00fa66e6974a" executionId="940e26ad-4345-4a36-8357-38517a5c904e" testListId="8c84fa94-04c1-424b-9868-57a2d4851a1d" />
    <TestEntry testId="764e04a1-00c1-db9c-490d-88249b1f2660" executionId="8e435a8d-fc58-42e1-aaa4-49eb83810030" testListId="8c84fa94-04c1-424b-9868-57a2d4851a1d" />
    <TestEntry testId="811cec66-1d67-e722-c8a2-0787e2691a20" executionId="a2ceb197-b977-4a75-9cff-3c6d9110250e" testListId="8c84fa94-04c1-424b-9868-57a2d4851a1d" />
    <TestEntry testId="847c5646-d204-8cd6-8ada-22c35c27f26a" executionId="408e3217-1d14-4e35-a83b-f7cf99871c9f" testListId="8c84fa94-04c1-424b-9868-57a2d4851a1d" />
    <TestEntry testId="9ddcdd96-3990-56d7-416f-b280c5f7ab51" executionId="af0c5d42-b295-45cd-9fad-ff07c4a0048d" testListId="8c84fa94-04c1-424b-9868-57a2d4851a1d" />
  </TestEntries>
  <Results>
    <UnitTestResult executionId="940e26ad-4345-4a36-8357-38517a5c904e" testId="666260d7-e21a-d131-b167-00fa66e6974a" testName="TestMethod4" computerName="305024278-PC" duration="00:00:00.1531700" startTime="2012-04-17T18:03:13.2583461+09:00" endTime="2012-04-17T18:03:13.5703639+09:00" testType="13cdc9d9-ddb5-4fa4-a97d-d965ccfc6d4b" outcome="Passed" testListId="8c84fa94-04c1-424b-9868-57a2d4851a1d" relativeResultsDirectory="940e26ad-4345-4a36-8357-38517a5c904e">
    </UnitTestResult>
    <UnitTestResult executionId="8e435a8d-fc58-42e1-aaa4-49eb83810030" testId="764e04a1-00c1-db9c-490d-88249b1f2660" testName="TestMethod2" computerName="305024278-PC" duration="00:00:00.0049516" startTime="2012-04-17T18:03:13.5723640+09:00" endTime="2012-04-17T18:03:13.5793644+09:00" testType="13cdc9d9-ddb5-4fa4-a97d-d965ccfc6d4b" outcome="Passed" testListId="8c84fa94-04c1-424b-9868-57a2d4851a1d" relativeResultsDirectory="8e435a8d-fc58-42e1-aaa4-49eb83810030">
    </UnitTestResult>
    <UnitTestResult executionId="a2ceb197-b977-4a75-9cff-3c6d9110250e" testId="811cec66-1d67-e722-c8a2-0787e2691a20" testName="TestMethod5" computerName="305024278-PC" duration="00:00:00.0377135" startTime="2012-04-17T18:03:13.5813645+09:00" endTime="2012-04-17T18:03:13.6203668+09:00" testType="13cdc9d9-ddb5-4fa4-a97d-d965ccfc6d4b" outcome="Failed" testListId="8c84fa94-04c1-424b-9868-57a2d4851a1d" relativeResultsDirectory="a2ceb197-b977-4a75-9cff-3c6d9110250e">
      <Output>
        <ErrorInfo>
          <Message>Test method MoqTest.UnitTest1.TestMethod5 threw exception: 
System.ArgumentException: Can not instantiate proxy of class: MoqTest.Controller.
Could not find a parameterless constructor.
Parameter name: constructorArguments</Message>
          <StackTrace>    at Castle.DynamicProxy.ProxyGenerator.CreateClassProxyInstance(Type proxyType, List`1 proxyArguments, Type classToProxy, Object[] constructorArguments)
   at Castle.DynamicProxy.ProxyGenerator.CreateClassProxy(Type classToProxy, Type[] additionalInterfacesToProxy, ProxyGenerationOptions options, Object[] constructorArguments, IInterceptor[] interceptors)
   at Moq.Proxy.CastleProxyFactory.CreateProxy[T](ICallInterceptor interceptor, Type[] interfaces, Object[] arguments)
   at Moq.Mock`1.&lt;InitializeInstance&gt;b__0()
   at Moq.PexProtector.Invoke(Action action)
   at Moq.Mock`1.InitializeInstance()
   at Moq.Mock`1.OnGetObject()
   at Moq.Mock`1.get_Object()
   at MoqTest.UnitTest1.TestMethod5() in D:\GitRepositories\MyLab\MoqTest\UnitTest1.cs:line 81
</StackTrace>
        </ErrorInfo>
      </Output>
    </UnitTestResult>
    <UnitTestResult executionId="408e3217-1d14-4e35-a83b-f7cf99871c9f" testId="847c5646-d204-8cd6-8ada-22c35c27f26a" testName="TestMethod3" computerName="305024278-PC" duration="00:00:00.0036659" startTime="2012-04-17T18:03:13.6223669+09:00" endTime="2012-04-17T18:03:13.6283672+09:00" testType="13cdc9d9-ddb5-4fa4-a97d-d965ccfc6d4b" outcome="Passed" testListId="8c84fa94-04c1-424b-9868-57a2d4851a1d" relativeResultsDirectory="408e3217-1d14-4e35-a83b-f7cf99871c9f">
    </UnitTestResult>
    <UnitTestResult executionId="af0c5d42-b295-45cd-9fad-ff07c4a0048d" testId="9ddcdd96-3990-56d7-416f-b280c5f7ab51" testName="TestMethod1" computerName="305024278-PC" duration="00:00:00.0007110" startTime="2012-04-17T18:03:13.6293673+09:00" endTime="2012-04-17T18:03:13.6323675+09:00" testType="13cdc9d9-ddb5-4fa4-a97d-d965ccfc6d4b" outcome="Passed" testListId="8c84fa94-04c1-424b-9868-57a2d4851a1d" relativeResultsDirectory="af0c5d42-b295-45cd-9fad-ff07c4a0048d">
    </UnitTestResult>
  </Results>
</TestRun>